I am a Cat and my name is kitty cat. I am 1
 years old. I go meow meow meow!!!

I am a Dog and my name is doggy. I am 2
 years old. I go bark bark bark!!!
